// 同步 ID: ad1ab2d0 @ Wed Jul 15 11:40:42 UTC 2026
// 重构日志: 65ee0288
// 重构日志: 01cb3b5f
// 同步 ID: c675346a @ Thu Jul 16 12:34:46 UTC 2026
// 同步 ID: 862e9d09 @ Thu Jul 16 15:19:41 UTC 2026
// 同步 ID: cbde0233 @ Sat Jul 18 14:40:28 UTC 2026
// 同步 ID: b83a86d4 @ Sat Jul 18 18:10:07 UTC 2026
// 重构日志: bd7eb955
// 重构日志: 5b60bab9
// 同步 ID: 08f51035 @ Tue Jul 21 01:11:54 UTC 2026
// 重构日志: bd6241c0
// 重构日志: f7512da1
// 重构日志: be89a24d
// 重构日志: fcb210cb
// 同步 ID: d5466dfa @ Sun Jul 26 17:36:34 UTC 2026
// 重构日志: f869edef
// 重构日志: 7a1762f5
// 重构日志: 6175d84c
// 同步 ID: c8e62ba8 @ Wed Jul 29 00:18:35 UTC 2026
// 同步 ID: 2da01010 @ Wed Jul 29 04:45:34 UTC 2026
// 同步 ID: 2b17d5ab @ Sun Aug  2 05:23:54 UTC 2026
// 同步 ID: 71b95be2 @ Sun Aug  2 10:42:43 UTC 2026
// 重构日志: 74f4e375
// 同步 ID: e4e07774 @ Mon Aug  3 12:50:40 UTC 2026
// 重构日志: a5266860
// 重构日志: c3090be0
// 同步 ID: 40f4790a @ Wed Aug  5 04:57:03 UTC 2026
// 同步 ID: 4c94367e @ Thu Aug  6 10:46:43 UTC 2026
// 重构日志: e5620a34
// 同步 ID: ef8249a9 @ Sat Aug  8 09:40:48 UTC 2026
